#-----------------------------------------------------------
# Vivado v2022.1 (64-bit)
# SW Build 3526262 on Mon Apr 18 15:47:01 MDT 2022
# IP Build 3524634 on Mon Apr 18 20:55:01 MDT 2022
# Start of session at: Tue Dec  5 16:24:39 2023
# Process ID: 27356
# Current directory: /home/ykhsieh/SoCDesignLab/caravel-soc_fpga-lab_new2/lab-wlos_baseline2/vivado/vvd_caravel_fpga/vvd_caravel_fpga.runs/impl_1
# Command line: vivado -log design_1_wrapper.vdi -applog -product Vivado -messageDb vivado.pb -mode batch -source design_1_wrapper.tcl -notrace
# Log file: /home/ykhsieh/SoCDesignLab/caravel-soc_fpga-lab_new2/lab-wlos_baseline2/vivado/vvd_caravel_fpga/vvd_caravel_fpga.runs/impl_1/design_1_wrapper.vdi
# Journal file: /home/ykhsieh/SoCDesignLab/caravel-soc_fpga-lab_new2/lab-wlos_baseline2/vivado/vvd_caravel_fpga/vvd_caravel_fpga.runs/impl_1/vivado.jou
# Running On: MediaHLS, OS: Linux, CPU Frequency: 3400.000 MHz, CPU Physical cores: 16, Host memory: 134795 MB
#-----------------------------------------------------------
source design_1_wrapper.tcl -notrace
