Archive member included to satisfy reference by file (symbol)

/home/ykhsieh/SoCDesignLab/opt/riscv/bin/../lib/gcc/riscv32-unknown-elf/12.1.0/libgcc.a(muldi3.o)
                              counter_la.elf-matmul.o (__mulsi3)

Memory Configuration

Name             Origin             Length             Attributes
vexriscv_debug   0x00000000f00f0000 0x0000000000000100
dff              0x0000000000000000 0x0000000000000400
dff2             0x0000000000000400 0x0000000000000200
flash            0x0000000010000000 0x0000000001000000
mprj             0x0000000030000000 0x0000000000100000
mprjram          0x0000000038000000 0x0000000000001000
bank1            0x0000000038001000 0x0000000000001000
bank2            0x0000000038002000 0x0000000000001000
hk               0x0000000026000000 0x0000000000100000
csr              0x00000000f0000000 0x0000000000010000
*default*        0x0000000000000000 0xffffffffffffffff

Linker script and memory map

                0x0000000000000000                __DYNAMIC = 0x0

.text           0x0000000010000000      0x6f8
                0x0000000010000000                _ftext = .
 *crt0*(.text)
 .text          0x0000000010000000      0x154 counter_la.elf-crt0_vex.o
                0x0000000010000000                _start
                0x0000000010000020                trap_entry
 *crt0*(.text)
 *(.text.isr)
 *(.text .stub .text.* .gnu.linkonce.t.*)
 .text          0x0000000010000154       0xb8 counter_la.elf-isr.o
                0x00000000100001b4                isr
 .text          0x000000001000020c        0x0 counter_la.elf-matmul.o
 .text          0x000000001000020c      0x4c8 counter_la.elf-counter_la.o
                0x0000000010000244                putchar
                0x00000000100002ac                print
                0x0000000010000300                main
 .text          0x00000000100006d4       0x24 /home/ykhsieh/SoCDesignLab/opt/riscv/bin/../lib/gcc/riscv32-unknown-elf/12.1.0/libgcc.a(muldi3.o)
                0x00000000100006d4                __mulsi3
                0x00000000100006f8                _etext = .

.rela.dyn       0x00000000100006f8        0x0
 .rela.text     0x00000000100006f8        0x0 counter_la.elf-crt0_vex.o

.rodata         0x00000000100006f8        0x0
                0x00000000100006f8                . = ALIGN (0x8)
 *fill*         0x00000000100006f8        0x0 
                0x00000000100006f8                _frodata = .
 *(.rodata .rodata.* .gnu.linkonce.r.*)
 *(.rodata1)
                0x00000000100006f8                . = ALIGN (0x8)
                0x00000000100006f8                _erodata = .

.data           0x0000000038001000       0x80 load address 0x00000000100006f8
                0x0000000038001000                . = ALIGN (0x8)
                0x0000000038001000                _fdata = .
 *(.data .data.* .gnu.linkonce.d.*)
 .data          0x0000000038001000        0x0 counter_la.elf-crt0_vex.o
 .data          0x0000000038001000        0x0 counter_la.elf-isr.o
 .data          0x0000000038001000       0x80 counter_la.elf-matmul.o
                0x0000000038001000                A
                0x0000000038001040                B
 .data          0x0000000038001080        0x0 counter_la.elf-counter_la.o
 .data          0x0000000038001080        0x0 /home/ykhsieh/SoCDesignLab/opt/riscv/bin/../lib/gcc/riscv32-unknown-elf/12.1.0/libgcc.a(muldi3.o)
 *(.data1)
                0x0000000038001080                _gp = ALIGN (0x10)
 *(.sdata .sdata.* .gnu.linkonce.s.*)
                0x0000000038001080                . = ALIGN (0x8)
                0x0000000038001080                _edata = .

.bss            0x0000000038002000       0x48 load address 0x0000000010000778
                0x0000000038002000                . = ALIGN (0x8)
                0x0000000038002000                _fbss = .
 *(.dynsbss)
 *(.sbss .sbss.* .gnu.linkonce.sb.*)
 .sbss          0x0000000038002000        0x2 counter_la.elf-isr.o
                0x0000000038002000                flag
 *(.scommon)
 *(.dynbss)
 *(.bss .bss.* .gnu.linkonce.b.*)
 .bss           0x0000000038002002        0x0 counter_la.elf-crt0_vex.o
 .bss           0x0000000038002002        0x0 counter_la.elf-isr.o
 *fill*         0x0000000038002002        0x2 
 .bss           0x0000000038002004       0x40 counter_la.elf-matmul.o
                0x0000000038002004                result
 .bss           0x0000000038002044        0x0 counter_la.elf-counter_la.o
 .bss           0x0000000038002044        0x0 /home/ykhsieh/SoCDesignLab/opt/riscv/bin/../lib/gcc/riscv32-unknown-elf/12.1.0/libgcc.a(muldi3.o)
 *(COMMON)
                0x0000000038002048                . = ALIGN (0x8)
 *fill*         0x0000000038002044        0x4 
                0x0000000038002048                _ebss = .
                0x0000000038002048                _end = .

.mprjram        0x0000000038000000      0x12c load address 0x0000000010000778
                0x0000000038000000                . = ALIGN (0x8)
                0x0000000038000000                _fsram = .
 .mprjram       0x0000000038000000      0x12c counter_la.elf-matmul.o
                0x0000000038000000                matmul
                0x0000000000000600                PROVIDE (_fstack = (ORIGIN (dff2) + LENGTH (dff2)))
                0x00000000100006f8                PROVIDE (_fdata_rom = LOADADDR (.data))
                [!provide]                        PROVIDE (_edata_rom = (LOADADDR (.data) + SIZEOF (.data)))
                0x000000003800012c                PROVIDE (_esram = (ORIGIN (mprjram) + SIZEOF (.mprjram)))
                0x0000000010000778                PROVIDE (_esram_rom = LOADADDR (.mprjram))
LOAD counter_la.elf-crt0_vex.o
LOAD counter_la.elf-isr.o
LOAD counter_la.elf-matmul.o
LOAD counter_la.elf-counter_la.o
LOAD /home/ykhsieh/SoCDesignLab/opt/riscv/bin/../lib/gcc/riscv32-unknown-elf/12.1.0/libgcc.a
START GROUP
LOAD /home/ykhsieh/SoCDesignLab/opt/riscv/bin/../lib/gcc/riscv32-unknown-elf/12.1.0/../../../../riscv32-unknown-elf/lib/libc.a
LOAD /home/ykhsieh/SoCDesignLab/opt/riscv/bin/../lib/gcc/riscv32-unknown-elf/12.1.0/../../../../riscv32-unknown-elf/lib/libgloss.a
END GROUP
LOAD /home/ykhsieh/SoCDesignLab/opt/riscv/bin/../lib/gcc/riscv32-unknown-elf/12.1.0/libgcc.a
OUTPUT(counter_la.elf elf32-littleriscv)

.riscv.attributes
                0x0000000000000000       0x20
 .riscv.attributes
                0x0000000000000000       0x1e counter_la.elf-crt0_vex.o
 .riscv.attributes
                0x000000000000001e       0x20 counter_la.elf-isr.o
 .riscv.attributes
                0x000000000000003e       0x1c counter_la.elf-matmul.o
 .riscv.attributes
                0x000000000000005a       0x1c counter_la.elf-counter_la.o
 .riscv.attributes
                0x0000000000000076       0x1a /home/ykhsieh/SoCDesignLab/opt/riscv/bin/../lib/gcc/riscv32-unknown-elf/12.1.0/libgcc.a(muldi3.o)

.comment        0x0000000000000000       0x1b
 .comment       0x0000000000000000       0x1b counter_la.elf-isr.o
                                         0x1c (size before relaxing)
 .comment       0x000000000000001b       0x1c counter_la.elf-matmul.o
 .comment       0x000000000000001b       0x1c counter_la.elf-counter_la.o

.debug_line     0x0000000000000000      0x939
 .debug_line    0x0000000000000000      0x204 counter_la.elf-crt0_vex.o
 .debug_line    0x0000000000000204       0xd1 counter_la.elf-isr.o
 .debug_line    0x00000000000002d5      0x16f counter_la.elf-matmul.o
 .debug_line    0x0000000000000444      0x47b counter_la.elf-counter_la.o
 .debug_line    0x00000000000008bf       0x7a /home/ykhsieh/SoCDesignLab/opt/riscv/bin/../lib/gcc/riscv32-unknown-elf/12.1.0/libgcc.a(muldi3.o)

.debug_line_str
                0x0000000000000000      0x1ac
 .debug_line_str
                0x0000000000000000       0x6d counter_la.elf-crt0_vex.o
 .debug_line_str
                0x000000000000006d       0x85 counter_la.elf-isr.o
                                        0x146 (size before relaxing)
 .debug_line_str
                0x00000000000000f2       0x12 counter_la.elf-matmul.o
                                         0xca (size before relaxing)
 .debug_line_str
                0x0000000000000104       0x14 counter_la.elf-counter_la.o
                                        0x149 (size before relaxing)
 .debug_line_str
                0x0000000000000118       0x94 /home/ykhsieh/SoCDesignLab/opt/riscv/bin/../lib/gcc/riscv32-unknown-elf/12.1.0/libgcc.a(muldi3.o)

.debug_info     0x0000000000000000      0x365
 .debug_info    0x0000000000000000       0x25 counter_la.elf-crt0_vex.o
 .debug_info    0x0000000000000025       0xed counter_la.elf-isr.o
 .debug_info    0x0000000000000112       0xdc counter_la.elf-matmul.o
 .debug_info    0x00000000000001ee      0x148 counter_la.elf-counter_la.o
 .debug_info    0x0000000000000336       0x2f /home/ykhsieh/SoCDesignLab/opt/riscv/bin/../lib/gcc/riscv32-unknown-elf/12.1.0/libgcc.a(muldi3.o)

.debug_abbrev   0x0000000000000000      0x288
 .debug_abbrev  0x0000000000000000       0x14 counter_la.elf-crt0_vex.o
 .debug_abbrev  0x0000000000000014       0xa9 counter_la.elf-isr.o
 .debug_abbrev  0x00000000000000bd       0xbb counter_la.elf-matmul.o
 .debug_abbrev  0x0000000000000178       0xef counter_la.elf-counter_la.o
 .debug_abbrev  0x0000000000000267       0x21 /home/ykhsieh/SoCDesignLab/opt/riscv/bin/../lib/gcc/riscv32-unknown-elf/12.1.0/libgcc.a(muldi3.o)

.debug_aranges  0x0000000000000000       0xa0
 .debug_aranges
                0x0000000000000000       0x20 counter_la.elf-crt0_vex.o
 .debug_aranges
                0x0000000000000020       0x20 counter_la.elf-isr.o
 .debug_aranges
                0x0000000000000040       0x20 counter_la.elf-matmul.o
 .debug_aranges
                0x0000000000000060       0x20 counter_la.elf-counter_la.o
 .debug_aranges
                0x0000000000000080       0x20 /home/ykhsieh/SoCDesignLab/opt/riscv/bin/../lib/gcc/riscv32-unknown-elf/12.1.0/libgcc.a(muldi3.o)

.debug_str      0x0000000000000000      0x229
 .debug_str     0x0000000000000000       0x79 counter_la.elf-crt0_vex.o
 .debug_str     0x0000000000000079       0xec counter_la.elf-isr.o
                                        0x125 (size before relaxing)
 .debug_str     0x0000000000000165       0x14 counter_la.elf-matmul.o
                                         0x78 (size before relaxing)
 .debug_str     0x0000000000000179       0x13 counter_la.elf-counter_la.o
                                        0x125 (size before relaxing)
 .debug_str     0x000000000000018c       0x9d /home/ykhsieh/SoCDesignLab/opt/riscv/bin/../lib/gcc/riscv32-unknown-elf/12.1.0/libgcc.a(muldi3.o)
                                         0xa9 (size before relaxing)

.debug_frame    0x0000000000000000      0x1ac
 .debug_frame   0x0000000000000000       0xa4 counter_la.elf-isr.o
 .debug_frame   0x00000000000000a4       0x38 counter_la.elf-matmul.o
 .debug_frame   0x00000000000000dc       0xd0 counter_la.elf-counter_la.o

.debug_rnglists
                0x0000000000000000       0x16
 .debug_rnglists
                0x0000000000000000       0x16 counter_la.elf-matmul.o
