
Memory Configuration

Name             Origin             Length             Attributes
vexriscv_debug   0x00000000f00f0000 0x0000000000000100
dff              0x0000000000000000 0x0000000000000400
dff2             0x0000000000000400 0x0000000000000200
flash            0x0000000010000000 0x0000000001000000
mprj             0x0000000030000000 0x0000000000100000
mprjram          0x0000000038000000 0x0000000000400000
hk               0x0000000026000000 0x0000000000100000
csr              0x00000000f0000000 0x0000000000010000
*default*        0x0000000000000000 0xffffffffffffffff

Linker script and memory map

                0x0000000000000000                __DYNAMIC = 0x0

.text           0x0000000010000000      0x1e4
                0x0000000010000000                _ftext = .
 *crt0*(.text)
 .text          0x0000000010000000      0x154 counter_la_all.elf-crt0_vex.o
                0x0000000010000000                _start
                0x0000000010000020                trap_entry
 *crt0*(.text)
 *(.text.isr)
                0x0000000010000154                _etext = .
 .text          0x0000000010000154        0xc counter_la_all.elf-isr.o
                0x0000000010000154                isr
 .text          0x0000000010000160        0x0 counter_la_all.elf-matmul.o
 .text          0x0000000010000160        0x0 counter_la_all.elf-fir.o
 .text          0x0000000010000160        0x0 counter_la_all.elf-qsort.o
 .text          0x0000000010000160        0x0 counter_la_all.elf-uart.o
 .text          0x0000000010000160       0x84 counter_la_all.elf-counter_la_all.o
                0x0000000010000160                putchar
                0x000000001000019c                print

.text.startup   0x00000000100001e4      0x1b4
 .text.startup  0x00000000100001e4      0x1b4 counter_la_all.elf-counter_la_all.o
                0x00000000100001e4                main

.rela.dyn       0x0000000010000398        0x0
 .rela.text     0x0000000010000398        0x0 counter_la_all.elf-crt0_vex.o

.rodata         0x0000000010000398        0x0
                0x0000000010000398                . = ALIGN (0x8)
 *fill*         0x0000000010000398        0x0 
                0x0000000010000398                _frodata = .
 *(.rodata .rodata.* .gnu.linkonce.r.*)
 *(.rodata1)
                0x0000000010000398                . = ALIGN (0x8)
                0x0000000010000398                _erodata = .

.data           0x0000000038000000      0x1d8 load address 0x0000000010000398
                0x0000000038000000                . = ALIGN (0x8)
                0x0000000038000000                _fdata = .
 *(.data .data.* .gnu.linkonce.d.*)
 .data          0x0000000038000000        0x0 counter_la_all.elf-crt0_vex.o
 .data          0x0000000038000000        0x0 counter_la_all.elf-isr.o
 .data          0x0000000038000000       0x80 counter_la_all.elf-matmul.o
                0x0000000038000000                A
                0x0000000038000040                B
 .data          0x0000000038000080      0x12c counter_la_all.elf-fir.o
                0x0000000038000080                inputsignal
                0x0000000038000180                taps
 .data          0x00000000380001ac       0x28 counter_la_all.elf-qsort.o
                0x00000000380001ac                C
 .data          0x00000000380001d4        0x0 counter_la_all.elf-uart.o
 .data          0x00000000380001d4        0x0 counter_la_all.elf-counter_la_all.o
 *(.data1)
                0x00000000380001e0                _gp = ALIGN (0x10)
 *(.sdata .sdata.* .gnu.linkonce.s.*)
                0x00000000380001d8                . = ALIGN (0x8)
 *fill*         0x00000000380001d4        0x4 
                0x00000000380001d8                _edata = .

.bss            0x00000000380001d8      0x140 load address 0x0000000010000570
                0x00000000380001d8                . = ALIGN (0x8)
                0x00000000380001d8                _fbss = .
 *(.dynsbss)
 *(.sbss .sbss.* .gnu.linkonce.sb.*)
 *(.scommon)
 *(.dynbss)
 *(.bss .bss.* .gnu.linkonce.b.*)
 .bss           0x00000000380001d8        0x0 counter_la_all.elf-crt0_vex.o
 .bss           0x00000000380001d8        0x0 counter_la_all.elf-isr.o
 .bss           0x00000000380001d8       0x40 counter_la_all.elf-matmul.o
                0x00000000380001d8                result
 .bss           0x0000000038000218      0x100 counter_la_all.elf-fir.o
                0x0000000038000218                outputsignal
 .bss           0x0000000038000318        0x0 counter_la_all.elf-qsort.o
 .bss           0x0000000038000318        0x0 counter_la_all.elf-uart.o
 .bss           0x0000000038000318        0x0 counter_la_all.elf-counter_la_all.o
 *(COMMON)
                0x0000000038000318                . = ALIGN (0x8)
                0x0000000038000318                _ebss = .
                0x0000000038000318                _end = .

.mprjram        0x0000000038000318      0x908 load address 0x0000000010000570
                0x0000000038000318                . = ALIGN (0x8)
                0x0000000038000318                _fsram = .
 *libgcc.a:*(.text .text.*)
 .mprjram       0x0000000038000318       0x60 counter_la_all.elf-matmul.o
                0x0000000038000318                matmul
 .mprjram       0x0000000038000378       0xc8 counter_la_all.elf-fir.o
                0x0000000038000378                fir
 .mprjram       0x0000000038000440      0x6e8 counter_la_all.elf-qsort.o
                0x0000000038000440                partition
                0x0000000038000664                sort
                0x00000000380008d8                qsort
 .mprjram       0x0000000038000b28       0xf8 counter_la_all.elf-uart.o
                0x0000000038000b28                uart_write
                0x0000000038000b40                uart_write_char
                0x0000000038000b7c                uart_write_string
                0x0000000038000bc8                uart_read_char
                0x0000000038000bf8                uart_read
                0x0000000000000600                PROVIDE (_fstack = (ORIGIN (dff2) + LENGTH (dff2)))
                0x0000000010000398                PROVIDE (_fdata_rom = LOADADDR (.data))
                [!provide]                        PROVIDE (_edata_rom = (LOADADDR (.data) + SIZEOF (.data)))
                0x0000000038000c20                PROVIDE (_esram = (((ORIGIN (mprjram) + SIZEOF (.mprjram)) + SIZEOF (.data)) + SIZEOF (.bss)))
                0x0000000010000570                PROVIDE (_esram_rom = LOADADDR (.mprjram))
LOAD counter_la_all.elf-crt0_vex.o
LOAD counter_la_all.elf-isr.o
LOAD counter_la_all.elf-matmul.o
LOAD counter_la_all.elf-fir.o
LOAD counter_la_all.elf-qsort.o
LOAD counter_la_all.elf-uart.o
LOAD counter_la_all.elf-counter_la_all.o
LOAD /home/ykhsieh/SoCDesignLab/opt/riscv/bin/../lib/gcc/riscv32-unknown-elf/12.1.0/libgcc.a
START GROUP
LOAD /home/ykhsieh/SoCDesignLab/opt/riscv/bin/../lib/gcc/riscv32-unknown-elf/12.1.0/../../../../riscv32-unknown-elf/lib/libc.a
LOAD /home/ykhsieh/SoCDesignLab/opt/riscv/bin/../lib/gcc/riscv32-unknown-elf/12.1.0/../../../../riscv32-unknown-elf/lib/libgloss.a
END GROUP
LOAD /home/ykhsieh/SoCDesignLab/opt/riscv/bin/../lib/gcc/riscv32-unknown-elf/12.1.0/libgcc.a
OUTPUT(counter_la_all.elf elf32-littleriscv)

.riscv.attributes
                0x0000000000000000       0x20
 .riscv.attributes
                0x0000000000000000       0x1e counter_la_all.elf-crt0_vex.o
 .riscv.attributes
                0x000000000000001e       0x20 counter_la_all.elf-isr.o
 .riscv.attributes
                0x000000000000003e       0x1c counter_la_all.elf-matmul.o
 .riscv.attributes
                0x000000000000005a       0x1c counter_la_all.elf-fir.o
 .riscv.attributes
                0x0000000000000076       0x1c counter_la_all.elf-qsort.o
 .riscv.attributes
                0x0000000000000092       0x1c counter_la_all.elf-uart.o
 .riscv.attributes
                0x00000000000000ae       0x1c counter_la_all.elf-counter_la_all.o

.comment        0x0000000000000000       0x1b
 .comment       0x0000000000000000       0x1b counter_la_all.elf-isr.o
                                         0x1c (size before relaxing)
 .comment       0x000000000000001b       0x1c counter_la_all.elf-matmul.o
 .comment       0x000000000000001b       0x1c counter_la_all.elf-fir.o
 .comment       0x000000000000001b       0x1c counter_la_all.elf-qsort.o
 .comment       0x000000000000001b       0x1c counter_la_all.elf-uart.o
 .comment       0x000000000000001b       0x1c counter_la_all.elf-counter_la_all.o

.debug_line     0x0000000000000000     0x217f
 .debug_line    0x0000000000000000      0x204 counter_la_all.elf-crt0_vex.o
 .debug_line    0x0000000000000204       0x76 counter_la_all.elf-isr.o
 .debug_line    0x000000000000027a      0x11a counter_la_all.elf-matmul.o
 .debug_line    0x0000000000000394      0x33e counter_la_all.elf-fir.o
 .debug_line    0x00000000000006d2      0xf61 counter_la_all.elf-qsort.o
 .debug_line    0x0000000000001633      0x378 counter_la_all.elf-uart.o
 .debug_line    0x00000000000019ab      0x7d4 counter_la_all.elf-counter_la_all.o

.debug_line_str
                0x0000000000000000      0x149
 .debug_line_str
                0x0000000000000000       0x80 counter_la_all.elf-crt0_vex.o
 .debug_line_str
                0x0000000000000080       0x1f counter_la_all.elf-isr.o
                                        0x106 (size before relaxing)
 .debug_line_str
                0x000000000000009f       0x12 counter_la_all.elf-matmul.o
                                         0xf0 (size before relaxing)
 .debug_line_str
                0x00000000000000b1        0xc counter_la_all.elf-fir.o
                                         0xe4 (size before relaxing)
 .debug_line_str
                0x00000000000000bd       0x6d counter_la_all.elf-qsort.o
                                        0x149 (size before relaxing)
 .debug_line_str
                0x000000000000012a        0x7 counter_la_all.elf-uart.o
                                        0x13e (size before relaxing)
 .debug_line_str
                0x0000000000000131       0x18 counter_la_all.elf-counter_la_all.o
                                        0x172 (size before relaxing)

.debug_info     0x0000000000000000      0x93c
 .debug_info    0x0000000000000000       0x25 counter_la_all.elf-crt0_vex.o
 .debug_info    0x0000000000000025       0xb4 counter_la_all.elf-isr.o
 .debug_info    0x00000000000000d9       0xd3 counter_la_all.elf-matmul.o
 .debug_info    0x00000000000001ac      0x113 counter_la_all.elf-fir.o
 .debug_info    0x00000000000002bf      0x2ce counter_la_all.elf-qsort.o
 .debug_info    0x000000000000058d      0x1bc counter_la_all.elf-uart.o
 .debug_info    0x0000000000000749      0x1f3 counter_la_all.elf-counter_la_all.o

.debug_abbrev   0x0000000000000000      0x5db
 .debug_abbrev  0x0000000000000000       0x14 counter_la_all.elf-crt0_vex.o
 .debug_abbrev  0x0000000000000014       0x7f counter_la_all.elf-isr.o
 .debug_abbrev  0x0000000000000093       0x95 counter_la_all.elf-matmul.o
 .debug_abbrev  0x0000000000000128       0xa5 counter_la_all.elf-fir.o
 .debug_abbrev  0x00000000000001cd      0x168 counter_la_all.elf-qsort.o
 .debug_abbrev  0x0000000000000335      0x141 counter_la_all.elf-uart.o
 .debug_abbrev  0x0000000000000476      0x165 counter_la_all.elf-counter_la_all.o

.debug_aranges  0x0000000000000000      0x118
 .debug_aranges
                0x0000000000000000       0x20 counter_la_all.elf-crt0_vex.o
 .debug_aranges
                0x0000000000000020       0x20 counter_la_all.elf-isr.o
 .debug_aranges
                0x0000000000000040       0x20 counter_la_all.elf-matmul.o
 .debug_aranges
                0x0000000000000060       0x20 counter_la_all.elf-fir.o
 .debug_aranges
                0x0000000000000080       0x30 counter_la_all.elf-qsort.o
 .debug_aranges
                0x00000000000000b0       0x40 counter_la_all.elf-uart.o
 .debug_aranges
                0x00000000000000f0       0x28 counter_la_all.elf-counter_la_all.o

.debug_str      0x0000000000000000      0x1ec
 .debug_str     0x0000000000000000       0x8c counter_la_all.elf-crt0_vex.o
 .debug_str     0x000000000000008c       0xb7 counter_la_all.elf-isr.o
                                         0xf0 (size before relaxing)
 .debug_str     0x0000000000000143       0x17 counter_la_all.elf-matmul.o
                                         0xf6 (size before relaxing)
 .debug_str     0x000000000000015a       0x1e counter_la_all.elf-fir.o
                                        0x106 (size before relaxing)
 .debug_str     0x0000000000000178       0x1b counter_la_all.elf-qsort.o
                                        0x108 (size before relaxing)
 .debug_str     0x0000000000000193       0x46 counter_la_all.elf-uart.o
                                        0x133 (size before relaxing)
 .debug_str     0x00000000000001d9       0x13 counter_la_all.elf-counter_la_all.o
                                        0x10d (size before relaxing)

.debug_loclists
                0x0000000000000000      0xe20
 .debug_loclists
                0x0000000000000000       0x19 counter_la_all.elf-isr.o
 .debug_loclists
                0x0000000000000019      0x14e counter_la_all.elf-fir.o
 .debug_loclists
                0x0000000000000167      0xb5c counter_la_all.elf-qsort.o
 .debug_loclists
                0x0000000000000cc3       0x6c counter_la_all.elf-uart.o
 .debug_loclists
                0x0000000000000d2f       0xf1 counter_la_all.elf-counter_la_all.o

.debug_frame    0x0000000000000000      0x1a8
 .debug_frame   0x0000000000000000       0x20 counter_la_all.elf-isr.o
 .debug_frame   0x0000000000000020       0x20 counter_la_all.elf-matmul.o
 .debug_frame   0x0000000000000040       0x20 counter_la_all.elf-fir.o
 .debug_frame   0x0000000000000060       0x94 counter_la_all.elf-qsort.o
 .debug_frame   0x00000000000000f4       0x60 counter_la_all.elf-uart.o
 .debug_frame   0x0000000000000154       0x54 counter_la_all.elf-counter_la_all.o

.debug_rnglists
                0x0000000000000000      0x20d
 .debug_rnglists
                0x0000000000000000       0x16 counter_la_all.elf-matmul.o
 .debug_rnglists
                0x0000000000000016       0x32 counter_la_all.elf-fir.o
 .debug_rnglists
                0x0000000000000048      0x10e counter_la_all.elf-qsort.o
 .debug_rnglists
                0x0000000000000156       0x69 counter_la_all.elf-uart.o
 .debug_rnglists
                0x00000000000001bf       0x4e counter_la_all.elf-counter_la_all.o
