Archive member included to satisfy reference by file (symbol)

/home/ykhsieh/SoCDesignLab/opt/riscv/bin/../lib/gcc/riscv32-unknown-elf/12.1.0/libgcc.a(muldi3.o)
                              counter_la_all.elf-matmul.o (__mulsi3)

Memory Configuration

Name             Origin             Length             Attributes
vexriscv_debug   0x00000000f00f0000 0x0000000000000100
dff              0x0000000000000000 0x0000000000000400
dff2             0x0000000000000400 0x0000000000000200
flash            0x0000000010000000 0x0000000001000000
mprj             0x0000000030000000 0x0000000000100000
mprjram          0x0000000038000000 0x0000000000400000
hk               0x0000000026000000 0x0000000000100000
csr              0x00000000f0000000 0x0000000000010000
*default*        0x0000000000000000 0xffffffffffffffff

Linker script and memory map

                0x0000000000000000                __DYNAMIC = 0x0

.text           0x0000000010000000      0xc1c
                0x0000000010000000                _ftext = .
 *crt0*(.text)
 .text          0x0000000010000000      0x148 counter_la_all.elf-crt0_vex.o
                0x0000000010000000                _start
                0x0000000010000020                trap_entry
 *crt0*(.text)
 *(.text.isr)
                0x0000000010000148                _etext = .
 .text          0x0000000010000148      0x15c counter_la_all.elf-isr.o
                0x0000000010000238                isr
 .text          0x00000000100002a4        0x0 counter_la_all.elf-matmul.o
 .text          0x00000000100002a4        0x0 counter_la_all.elf-fir.o
 .text          0x00000000100002a4        0x0 counter_la_all.elf-qsort.o
 .text          0x00000000100002a4       0x38 counter_la_all.elf-uart.o
 .text          0x00000000100002dc      0x940 counter_la_all.elf-counter_la_all.o
                0x000000001000037c                putchar
                0x00000000100003e4                print
                0x0000000010000488                sync
                0x00000000100004f0                main

.mprj           0x0000000010000c1c      0x1ec
 .mprj          0x0000000010000c1c      0x1ec counter_la_all.elf-uart.o
                0x0000000010000c1c                uart_write
                0x0000000010000c64                uart_write_char
                0x0000000010000ccc                uart_write_string
                0x0000000010000d20                uart_read_char
                0x0000000010000d94                uart_read

.rodata         0x0000000010000e08        0x0
                0x0000000010000e08                . = ALIGN (0x8)
 *fill*         0x0000000010000e08        0x0 
                0x0000000010000e08                _frodata = .
 *(.rodata .rodata.* .gnu.linkonce.r.*)
 *(.rodata1)
                0x0000000010000e08                . = ALIGN (0x8)
                0x0000000010000e08                _erodata = .

.data           0x0000000000000000      0x108 load address 0x0000000010000e08
                0x0000000000000000                . = ALIGN (0x8)
                0x0000000000000000                _fdata = .
 *(.data .data.* .gnu.linkonce.d.*)
 .data          0x0000000000000000        0x0 counter_la_all.elf-crt0_vex.o
 .data          0x0000000000000000        0x0 counter_la_all.elf-isr.o
 .data          0x0000000000000000       0x80 counter_la_all.elf-matmul.o
                0x0000000000000000                A
                0x0000000000000040                B
 .data          0x0000000000000080       0x58 counter_la_all.elf-fir.o
                0x0000000000000080                taps
                0x00000000000000ac                inputsignal
 .data          0x00000000000000d8       0x28 counter_la_all.elf-qsort.o
                0x00000000000000d8                C
 .data          0x0000000000000100        0x0 counter_la_all.elf-uart.o
 .data          0x0000000000000100        0x0 counter_la_all.elf-counter_la_all.o
 .data          0x0000000000000100        0x0 /home/ykhsieh/SoCDesignLab/opt/riscv/bin/../lib/gcc/riscv32-unknown-elf/12.1.0/libgcc.a(muldi3.o)
 *(.data1)
                0x0000000000000100                _gp = ALIGN (0x10)
 *(.sdata .sdata.* .gnu.linkonce.s.*)
 .sdata         0x0000000000000100        0x4 counter_la_all.elf-isr.o
                0x0000000000000100                counter
                0x0000000000000108                . = ALIGN (0x8)
 *fill*         0x0000000000000104        0x4 
                0x0000000000000108                _edata = .

.bss            0x0000000000000108       0x98 load address 0x0000000010000f10
                0x0000000000000108                . = ALIGN (0x8)
                0x0000000000000108                _fbss = .
 *(.dynsbss)
 *(.sbss .sbss.* .gnu.linkonce.sb.*)
 *(.scommon)
 *(.dynbss)
 *(.bss .bss.* .gnu.linkonce.b.*)
 .bss           0x0000000000000108        0x0 counter_la_all.elf-crt0_vex.o
 .bss           0x0000000000000108        0x0 counter_la_all.elf-isr.o
 .bss           0x0000000000000108       0x40 counter_la_all.elf-matmul.o
                0x0000000000000108                result
 .bss           0x0000000000000148       0x58 counter_la_all.elf-fir.o
                0x0000000000000148                inputbuffer
                0x0000000000000174                outputsignal
 .bss           0x00000000000001a0        0x0 counter_la_all.elf-qsort.o
 .bss           0x00000000000001a0        0x0 counter_la_all.elf-uart.o
 .bss           0x00000000000001a0        0x0 counter_la_all.elf-counter_la_all.o
 .bss           0x00000000000001a0        0x0 /home/ykhsieh/SoCDesignLab/opt/riscv/bin/../lib/gcc/riscv32-unknown-elf/12.1.0/libgcc.a(muldi3.o)
 *(COMMON)
                0x00000000000001a0                . = ALIGN (0x8)
                0x00000000000001a0                _ebss = .
                0x00000000000001a0                _end = .

.mprjram        0x0000000038000000      0x53c load address 0x0000000010000f10
                0x0000000038000000                . = ALIGN (0x8)
                0x0000000038000000                _fsram = .
 *libgcc.a:*(.text .text.*)
 .text          0x0000000038000000       0x24 /home/ykhsieh/SoCDesignLab/opt/riscv/bin/../lib/gcc/riscv32-unknown-elf/12.1.0/libgcc.a(muldi3.o)
                0x0000000038000000                __mulsi3
 .mprjram       0x0000000038000024      0x118 counter_la_all.elf-matmul.o
                0x0000000038000024                matmul
 .mprjram       0x000000003800013c      0x1d8 counter_la_all.elf-fir.o
                0x000000003800013c                initfir
                0x00000000380001a4                firfilter
                0x0000000038000294                fir
 .mprjram       0x0000000038000314      0x228 counter_la_all.elf-qsort.o
                0x0000000038000314                partition
                0x0000000038000498                sort
                0x0000000038000508                qsort
                0x0000000000000600                PROVIDE (_fstack = (ORIGIN (dff2) + LENGTH (dff2)))
                0x0000000010000e08                PROVIDE (_fdata_rom = LOADADDR (.data))
                [!provide]                        PROVIDE (_edata_rom = (LOADADDR (.data) + SIZEOF (.data)))
                0x000000003800053c                PROVIDE (_esram = (ORIGIN (mprjram) + SIZEOF (.mprjram)))
                0x0000000010000f10                PROVIDE (_esram_rom = LOADADDR (.mprjram))
LOAD counter_la_all.elf-crt0_vex.o
LOAD counter_la_all.elf-isr.o
LOAD counter_la_all.elf-matmul.o
LOAD counter_la_all.elf-fir.o
LOAD counter_la_all.elf-qsort.o
LOAD counter_la_all.elf-uart.o
LOAD counter_la_all.elf-counter_la_all.o
LOAD /home/ykhsieh/SoCDesignLab/opt/riscv/bin/../lib/gcc/riscv32-unknown-elf/12.1.0/libgcc.a
START GROUP
LOAD /home/ykhsieh/SoCDesignLab/opt/riscv/bin/../lib/gcc/riscv32-unknown-elf/12.1.0/../../../../riscv32-unknown-elf/lib/libc.a
LOAD /home/ykhsieh/SoCDesignLab/opt/riscv/bin/../lib/gcc/riscv32-unknown-elf/12.1.0/../../../../riscv32-unknown-elf/lib/libgloss.a
END GROUP
LOAD /home/ykhsieh/SoCDesignLab/opt/riscv/bin/../lib/gcc/riscv32-unknown-elf/12.1.0/libgcc.a
OUTPUT(counter_la_all.elf elf32-littleriscv)

.rela.dyn       0x000000003800053c        0x0 load address 0x000000001000144c
 .rela.text     0x000000003800053c        0x0 counter_la_all.elf-crt0_vex.o

.riscv.attributes
                0x0000000000000000       0x20
 .riscv.attributes
                0x0000000000000000       0x1e counter_la_all.elf-crt0_vex.o
 .riscv.attributes
                0x000000000000001e       0x20 counter_la_all.elf-isr.o
 .riscv.attributes
                0x000000000000003e       0x1c counter_la_all.elf-matmul.o
 .riscv.attributes
                0x000000000000005a       0x1c counter_la_all.elf-fir.o
 .riscv.attributes
                0x0000000000000076       0x1c counter_la_all.elf-qsort.o
 .riscv.attributes
                0x0000000000000092       0x1c counter_la_all.elf-uart.o
 .riscv.attributes
                0x00000000000000ae       0x20 counter_la_all.elf-counter_la_all.o
 .riscv.attributes
                0x00000000000000ce       0x1a /home/ykhsieh/SoCDesignLab/opt/riscv/bin/../lib/gcc/riscv32-unknown-elf/12.1.0/libgcc.a(muldi3.o)

.comment        0x0000000000000000       0x1b
 .comment       0x0000000000000000       0x1b counter_la_all.elf-isr.o
                                         0x1c (size before relaxing)
 .comment       0x000000000000001b       0x1c counter_la_all.elf-matmul.o
 .comment       0x000000000000001b       0x1c counter_la_all.elf-fir.o
 .comment       0x000000000000001b       0x1c counter_la_all.elf-qsort.o
 .comment       0x000000000000001b       0x1c counter_la_all.elf-uart.o
 .comment       0x000000000000001b       0x1c counter_la_all.elf-counter_la_all.o

.debug_line     0x0000000000000000     0x14fe
 .debug_line    0x0000000000000000      0x20a counter_la_all.elf-crt0_vex.o
 .debug_line    0x000000000000020a      0x151 counter_la_all.elf-isr.o
 .debug_line    0x000000000000035b      0x16f counter_la_all.elf-matmul.o
 .debug_line    0x00000000000004ca      0x1bf counter_la_all.elf-fir.o
 .debug_line    0x0000000000000689      0x165 counter_la_all.elf-qsort.o
 .debug_line    0x00000000000007ee      0x25e counter_la_all.elf-uart.o
 .debug_line    0x0000000000000a4c      0xa38 counter_la_all.elf-counter_la_all.o
 .debug_line    0x0000000000001484       0x7a /home/ykhsieh/SoCDesignLab/opt/riscv/bin/../lib/gcc/riscv32-unknown-elf/12.1.0/libgcc.a(muldi3.o)

.debug_line_str
                0x0000000000000000      0x202
 .debug_line_str
                0x0000000000000000       0x7b counter_la_all.elf-crt0_vex.o
 .debug_line_str
                0x000000000000007b       0xa6 counter_la_all.elf-isr.o
                                        0x183 (size before relaxing)
 .debug_line_str
                0x0000000000000121       0x12 counter_la_all.elf-matmul.o
                                         0xe6 (size before relaxing)
 .debug_line_str
                0x0000000000000133        0xc counter_la_all.elf-fir.o
                                         0xda (size before relaxing)
 .debug_line_str
                0x000000000000013f       0x10 counter_la_all.elf-qsort.o
                                         0xe2 (size before relaxing)
 .debug_line_str
                0x000000000000014f        0x7 counter_la_all.elf-uart.o
                                        0x14c (size before relaxing)
 .debug_line_str
                0x0000000000000156       0x18 counter_la_all.elf-counter_la_all.o
                                        0x19c (size before relaxing)
 .debug_line_str
                0x000000000000016e       0x94 /home/ykhsieh/SoCDesignLab/opt/riscv/bin/../lib/gcc/riscv32-unknown-elf/12.1.0/libgcc.a(muldi3.o)

.debug_info     0x0000000000000000      0x8e1
 .debug_info    0x0000000000000000       0x25 counter_la_all.elf-crt0_vex.o
 .debug_info    0x0000000000000025      0x1a3 counter_la_all.elf-isr.o
 .debug_info    0x00000000000001c8       0xdc counter_la_all.elf-matmul.o
 .debug_info    0x00000000000002a4      0x14a counter_la_all.elf-fir.o
 .debug_info    0x00000000000003ee      0x11d counter_la_all.elf-qsort.o
 .debug_info    0x000000000000050b      0x18c counter_la_all.elf-uart.o
 .debug_info    0x0000000000000697      0x21b counter_la_all.elf-counter_la_all.o
 .debug_info    0x00000000000008b2       0x2f /home/ykhsieh/SoCDesignLab/opt/riscv/bin/../lib/gcc/riscv32-unknown-elf/12.1.0/libgcc.a(muldi3.o)

.debug_abbrev   0x0000000000000000      0x670
 .debug_abbrev  0x0000000000000000       0x14 counter_la_all.elf-crt0_vex.o
 .debug_abbrev  0x0000000000000014      0x131 counter_la_all.elf-isr.o
 .debug_abbrev  0x0000000000000145       0xbb counter_la_all.elf-matmul.o
 .debug_abbrev  0x0000000000000200       0xf2 counter_la_all.elf-fir.o
 .debug_abbrev  0x00000000000002f2       0xe7 counter_la_all.elf-qsort.o
 .debug_abbrev  0x00000000000003d9       0xe3 counter_la_all.elf-uart.o
 .debug_abbrev  0x00000000000004bc      0x193 counter_la_all.elf-counter_la_all.o
 .debug_abbrev  0x000000000000064f       0x21 /home/ykhsieh/SoCDesignLab/opt/riscv/bin/../lib/gcc/riscv32-unknown-elf/12.1.0/libgcc.a(muldi3.o)

.debug_aranges  0x0000000000000000      0x148
 .debug_aranges
                0x0000000000000000       0x20 counter_la_all.elf-crt0_vex.o
 .debug_aranges
                0x0000000000000020       0x20 counter_la_all.elf-isr.o
 .debug_aranges
                0x0000000000000040       0x20 counter_la_all.elf-matmul.o
 .debug_aranges
                0x0000000000000060       0x30 counter_la_all.elf-fir.o
 .debug_aranges
                0x0000000000000090       0x30 counter_la_all.elf-qsort.o
 .debug_aranges
                0x00000000000000c0       0x48 counter_la_all.elf-uart.o
 .debug_aranges
                0x0000000000000108       0x20 counter_la_all.elf-counter_la_all.o
 .debug_aranges
                0x0000000000000128       0x20 /home/ykhsieh/SoCDesignLab/opt/riscv/bin/../lib/gcc/riscv32-unknown-elf/12.1.0/libgcc.a(muldi3.o)

.debug_str      0x0000000000000000      0x351
 .debug_str     0x0000000000000000       0x87 counter_la_all.elf-crt0_vex.o
 .debug_str     0x0000000000000087      0x139 counter_la_all.elf-isr.o
                                        0x17a (size before relaxing)
 .debug_str     0x00000000000001c0       0x14 counter_la_all.elf-matmul.o
                                         0x78 (size before relaxing)
 .debug_str     0x00000000000001d4       0x55 counter_la_all.elf-fir.o
                                         0xb9 (size before relaxing)
 .debug_str     0x0000000000000229       0x1b counter_la_all.elf-qsort.o
                                         0x84 (size before relaxing)
 .debug_str     0x0000000000000244       0x31 counter_la_all.elf-uart.o
                                        0x151 (size before relaxing)
 .debug_str     0x0000000000000275       0x3f counter_la_all.elf-counter_la_all.o
                                        0x179 (size before relaxing)
 .debug_str     0x00000000000002b4       0x9d /home/ykhsieh/SoCDesignLab/opt/riscv/bin/../lib/gcc/riscv32-unknown-elf/12.1.0/libgcc.a(muldi3.o)
                                         0xa9 (size before relaxing)

.debug_frame    0x0000000000000000      0x4f4
 .debug_frame   0x0000000000000000      0x118 counter_la_all.elf-isr.o
 .debug_frame   0x0000000000000118       0x38 counter_la_all.elf-matmul.o
 .debug_frame   0x0000000000000150       0x84 counter_la_all.elf-fir.o
 .debug_frame   0x00000000000001d4       0x84 counter_la_all.elf-qsort.o
 .debug_frame   0x0000000000000258      0x114 counter_la_all.elf-uart.o
 .debug_frame   0x000000000000036c      0x188 counter_la_all.elf-counter_la_all.o

.debug_rnglists
                0x0000000000000000       0xa9
 .debug_rnglists
                0x0000000000000000       0x16 counter_la_all.elf-matmul.o
 .debug_rnglists
                0x0000000000000016       0x28 counter_la_all.elf-fir.o
 .debug_rnglists
                0x000000000000003e       0x28 counter_la_all.elf-qsort.o
 .debug_rnglists
                0x0000000000000066       0x43 counter_la_all.elf-uart.o
